// Jest Snapshot v1, https://goo.gl/fbAQLP

exports[`renders Signout correctly 1`] = `
<div>
  Sorry to see you go.
</div>
`;
