// Jest Snapshot v1, https://goo.gl/fbAQLP

exports[`initial load matches snapshot 1`] = `<_default />`;

exports[`w/ board prop matches snapshot w/ thread 1`] = `<_default />`;
